INFO:     Started server process [27428]
INFO:     Waiting for application startup.
INFO:     Application startup complete.
INFO:     Uvicorn running on http://0.0.0.0:8088 (Press CTRL+C to quit)
2026-09-07 16:45:46,329 [monitor] GET /api/downloads 200 41ms
2026-09-07 16:45:59,227 [monitor] GET /api/downloads 200 1ms
2026-09-07 16:45:59,231 [monitor] GET /api/downloads/9170f6652d64 200 1ms
2026-09-07 16:46:00,023 [monitor] GET /api/config 200 1ms
2026-09-07 16:46:00,069 [monitor] GET /api/downloads 200 1ms
2026-09-07 16:46:00,096 [monitor] GET /api/downloads/events 200 2ms
2026-09-07 16:46:01,690 [monitor] GET /api/downloads/2b4ee1801b5f 200 1ms
2026-09-07 16:46:02,720 [monitor] GET /api/downloads/9170f6652d64 200 1ms
2026-09-07 16:46:03,405 [monitor] POST /api/downloads/9170f6652d64/retry-url 200 35ms
2026-09-07 16:46:03,584 [monitor] GET /api/downloads/9170f6652d64 200 1ms
2026-09-07 16:46:04,222 [monitor] GET /api/downloads/9170f6652d64 200 1ms
2026-09-07 16:46:04,653 [monitor] GET /api/downloads/9170f6652d64 200 16ms
2026-09-07 16:46:05,103 [monitor] GET /api/downloads/9170f6652d64 200 1ms
2026-09-07 16:46:05,226 [monitor] GET /api/downloads/9170f6652d64 200 1ms
2026-09-07 16:46:06,086 [monitor] GET /api/downloads/9170f6652d64 200 1ms
2026-09-07 16:46:06,230 [monitor] GET /api/downloads/9170f6652d64 200 1ms
2026-09-07 16:46:07,235 [monitor] GET /api/downloads/9170f6652d64 200 1ms
2026-09-07 16:46:08,239 [monitor] GET /api/downloads/9170f6652d64 200 1ms
2026-09-07 16:46:09,241 [monitor] GET /api/downloads/9170f6652d64 200 1ms
2026-09-07 16:46:10,248 [monitor] GET /api/downloads/9170f6652d64 200 1ms
2026-09-07 16:46:11,253 [monitor] GET /api/downloads/9170f6652d64 200 1ms
2026-09-07 16:46:12,256 [monitor] GET /api/downloads/9170f6652d64 200 1ms
2026-09-07 16:46:12,623 [monitor] GET /api/downloads/9170f6652d64 200 1ms
2026-09-07 16:46:13,258 [monitor] GET /api/downloads/9170f6652d64 200 1ms
2026-09-07 16:46:14,265 [monitor] GET /api/downloads/9170f6652d64 200 1ms
2026-09-07 16:46:15,287 [monitor] GET /api/downloads/9170f6652d64 200 1ms
2026-09-07 16:46:15,657 [monitor] GET /api/downloads/9170f6652d64 200 1ms
2026-09-07 16:46:16,301 [monitor] GET /api/downloads/9170f6652d64 200 2ms
2026-09-07 16:46:17,171 [monitor] GET /api/downloads/9170f6652d64 200 1ms
2026-09-07 16:46:17,307 [monitor] GET /api/downloads/9170f6652d64 200 1ms
2026-09-07 16:46:18,315 [monitor] GET /api/downloads/9170f6652d64 200 1ms
2026-09-07 16:46:19,172 [monitor] GET /api/downloads/9170f6652d64 200 1ms
2026-09-07 16:46:19,319 [monitor] GET /api/downloads/9170f6652d64 200 1ms
2026-09-07 16:46:20,174 [monitor] GET /api/downloads/9170f6652d64 200 1ms
2026-09-07 16:46:20,323 [monitor] GET /api/downloads/9170f6652d64 200 1ms
2026-09-07 16:46:21,328 [monitor] GET /api/downloads/9170f6652d64 200 1ms
2026-09-07 16:46:21,672 [monitor] GET /api/downloads/9170f6652d64 200 1ms
2026-09-07 16:46:22,329 [monitor] GET /api/downloads/9170f6652d64 200 1ms
2026-09-07 16:46:23,336 [monitor] GET /api/downloads/9170f6652d64 200 1ms
2026-09-07 16:46:23,671 [monitor] GET /api/downloads/9170f6652d64 200 1ms
2026-09-07 16:46:24,340 [monitor] GET /api/downloads/9170f6652d64 200 1ms
2026-09-07 16:46:24,674 [monitor] GET /api/downloads/9170f6652d64 200 1ms
2026-09-07 16:46:25,345 [monitor] GET /api/downloads/9170f6652d64 200 1ms
2026-09-07 16:46:26,187 [monitor] GET /api/downloads/9170f6652d64 200 1ms
2026-09-07 16:46:26,490 [monitor] GET /api/downloads/9170f6652d64 200 1ms
2026-09-07 16:46:27,188 [monitor] GET /api/downloads/9170f6652d64 200 1ms
2026-09-07 16:46:27,506 [monitor] GET /api/downloads/9170f6652d64 200 1ms
2026-09-07 16:46:28,188 [monitor] GET /api/downloads/9170f6652d64 200 1ms
2026-09-07 16:46:28,510 [monitor] GET /api/downloads/9170f6652d64 200 1ms
2026-09-07 16:46:29,191 [monitor] GET /api/downloads/9170f6652d64 200 1ms
2026-09-07 16:46:29,514 [monitor] GET /api/downloads/9170f6652d64 200 1ms
2026-09-07 16:46:30,540 [monitor] GET /api/downloads/9170f6652d64 200 1ms
2026-09-07 16:46:30,721 [monitor] GET /api/downloads/9170f6652d64 200 1ms
2026-09-07 16:46:31,544 [monitor] GET /api/downloads/9170f6652d64 200 1ms
2026-09-07 16:46:32,574 [monitor] GET /api/downloads/9170f6652d64 200 1ms
2026-09-07 16:46:33,271 [monitor] GET /api/downloads/9170f6652d64 200 1ms
2026-09-07 16:46:33,576 [monitor] GET /api/downloads/9170f6652d64 200 1ms
2026-09-07 16:46:34,602 [monitor] GET /api/downloads/9170f6652d64 200 1ms
2026-09-07 16:46:34,804 [monitor] GET /api/downloads/9170f6652d64 200 2ms
2026-09-07 16:46:35,607 [monitor] GET /api/downloads/9170f6652d64 200 2ms
2026-09-07 16:46:36,309 [monitor] GET /api/downloads/9170f6652d64 200 1ms
2026-09-07 16:46:36,612 [monitor] GET /api/downloads/9170f6652d64 200 1ms
2026-09-07 16:46:37,744 [monitor] GET /api/downloads/9170f6652d64 200 1ms
2026-09-07 16:46:37,825 [monitor] GET /api/downloads/9170f6652d64 200 1ms
2026-09-07 16:46:38,771 [monitor] GET /api/downloads/9170f6652d64 200 1ms
2026-09-07 16:46:39,326 [monitor] GET /api/downloads/9170f6652d64 200 1ms
2026-09-07 16:46:39,777 [monitor] GET /api/downloads/9170f6652d64 200 1ms
2026-09-07 16:46:40,778 [monitor] GET /api/downloads/9170f6652d64 200 1ms
2026-09-07 16:46:40,838 [monitor] GET /api/downloads/9170f6652d64 200 1ms
2026-09-07 16:46:41,804 [monitor] GET /api/downloads/9170f6652d64 200 1ms
2026-09-07 16:46:42,806 [monitor] GET /api/downloads/9170f6652d64 200 1ms
2026-09-07 16:46:42,871 [monitor] GET /api/downloads/9170f6652d64 200 1ms
2026-09-07 16:46:43,825 [monitor] GET /api/downloads/9170f6652d64 200 2ms
2026-09-07 16:46:43,892 [monitor] GET /api/downloads/9170f6652d64 200 1ms
2026-09-07 16:46:44,831 [monitor] GET /api/downloads/9170f6652d64 200 2ms
2026-09-07 16:46:45,374 [monitor] GET /api/downloads/9170f6652d64 200 1ms
2026-09-07 16:46:45,835 [monitor] GET /api/downloads/9170f6652d64 200 1ms
2026-09-07 16:46:46,387 [monitor] GET /api/downloads/9170f6652d64 200 1ms
2026-09-07 16:46:46,840 [monitor] GET /api/downloads/9170f6652d64 200 1ms
2026-09-07 16:46:47,844 [monitor] GET /api/downloads/9170f6652d64 200 1ms
2026-09-07 16:46:47,885 [monitor] GET /api/downloads/9170f6652d64 200 1ms
2026-09-07 16:46:48,890 [monitor] GET /api/downloads/9170f6652d64 200 1ms
2026-09-07 16:46:49,374 [monitor] GET /api/downloads/9170f6652d64 200 1ms
2026-09-07 16:46:49,906 [monitor] GET /api/downloads/9170f6652d64 200 2ms
2026-09-07 16:46:50,911 [monitor] GET /api/downloads/9170f6652d64 200 1ms
2026-09-07 16:46:51,913 [monitor] GET /api/downloads/9170f6652d64 200 1ms
2026-09-07 16:46:52,919 [monitor] GET /api/downloads/9170f6652d64 200 1ms
2026-09-07 16:46:54,019 [monitor] GET /api/downloads/9170f6652d64 200 1ms
2026-09-07 16:46:55,024 [monitor] GET /api/downloads/9170f6652d64 200 1ms
2026-09-07 16:46:56,028 [monitor] GET /api/downloads/9170f6652d64 200 1ms
2026-09-07 16:46:57,033 [monitor] GET /api/downloads/9170f6652d64 200 1ms
2026-09-07 16:46:58,037 [monitor] GET /api/downloads/9170f6652d64 200 1ms
2026-09-07 16:46:59,042 [monitor] GET /api/downloads/9170f6652d64 200 1ms
2026-09-07 16:47:00,045 [monitor] GET /api/downloads/9170f6652d64 200 1ms
2026-09-07 16:47:00,411 [monitor] GET /api/downloads/9170f6652d64 200 1ms
2026-09-07 16:47:01,050 [monitor] GET /api/downloads/9170f6652d64 200 1ms
2026-09-07 16:47:01,053 [monitor] GET /api/downloads 200 1ms
2026-09-07 17:42:22,015 [monitor] GET /api/config 200 1ms
2026-09-07 17:42:22,538 [monitor] GET /api/resources 200 454ms
2026-09-07 17:42:22,645 [monitor] GET /api/resources/source 200 10ms
2026-09-07 17:42:22,645 [monitor] GET /api/resources/source 200 7ms
2026-09-07 17:42:22,648 [monitor] GET /api/resources/source 200 8ms
2026-09-07 17:42:22,654 [monitor] GET /api/resources/source 200 18ms
2026-09-07 17:42:22,673 [monitor] GET /api/resources/source 200 36ms
2026-09-07 17:42:22,676 [monitor] GET /api/resources/source 200 5ms
2026-09-07 17:42:22,677 [monitor] GET /api/resources/source 200 6ms
2026-09-07 17:42:22,700 [monitor] GET /api/resources/source 200 4ms
2026-09-07 17:42:22,705 [monitor] GET /api/resources/source 200 7ms
2026-09-07 17:42:22,709 [monitor] GET /api/resources/source 200 5ms
2026-09-07 17:42:22,709 [monitor] GET /api/resources/source 200 7ms
2026-09-07 17:42:22,713 [monitor] GET /api/resources/source 200 6ms
2026-09-07 17:42:22,713 [monitor] GET /api/resources/source 200 80ms
2026-09-07 17:42:22,713 [monitor] GET /api/resources/source 200 9ms
2026-09-07 17:42:22,713 [monitor] GET /api/resources/source 200 4ms
2026-09-07 17:42:22,713 [monitor] GET /api/resources/source 200 6ms
2026-09-07 17:42:22,725 [monitor] GET /api/resources/source 200 24ms
2026-09-07 17:42:22,738 [monitor] GET /api/resources/source 200 23ms
2026-09-07 17:42:22,745 [monitor] GET /api/resources/source 200 7ms
2026-09-07 17:42:22,756 [monitor] GET /api/resources/source 200 4ms
2026-09-07 17:42:22,758 [monitor] GET /api/resources/source 200 3ms
2026-09-07 17:42:22,765 [monitor] GET /api/resources/source 200 20ms
2026-09-07 17:42:22,765 [monitor] GET /api/resources/source 200 19ms
2026-09-07 17:42:22,769 [monitor] GET /api/resources/source 200 25ms
2026-09-07 17:42:22,771 [monitor] GET /api/resources/source 200 10ms
2026-09-07 17:42:22,778 [monitor] GET /api/resources/source 200 33ms
2026-09-07 17:42:22,780 [monitor] GET /api/resources/source 200 8ms
2026-09-07 17:42:22,781 [monitor] GET /api/resources/source 200 5ms
2026-09-07 17:42:22,787 [monitor] GET /api/resources/source 200 21ms
2026-09-07 17:42:22,790 [monitor] GET /api/resources/source 200 5ms
2026-09-07 17:42:22,796 [monitor] GET /api/resources/source 200 25ms
2026-09-07 17:42:22,797 [monitor] GET /api/resources/source 200 5ms
2026-09-07 17:42:22,799 [monitor] GET /api/resources/source 200 4ms
2026-09-07 17:42:22,805 [monitor] GET /api/resources/source 200 4ms
2026-09-07 17:42:22,805 [monitor] GET /api/resources/source 200 4ms
2026-09-07 17:42:22,807 [monitor] GET /api/resources/source 200 4ms
2026-09-07 17:42:22,808 [monitor] GET /api/resources/source 200 28ms
2026-09-07 17:42:22,817 [monitor] GET /api/resources/source 200 32ms
2026-09-07 17:42:22,821 [monitor] GET /api/resources/source 200 47ms
2026-09-07 17:42:22,826 [monitor] GET /api/resources/source 200 20ms
2026-09-07 17:42:22,826 [monitor] GET /api/resources/source 200 7ms
2026-09-07 17:42:22,832 [monitor] GET /api/resources/source 200 12ms
2026-09-07 17:42:22,832 [monitor] GET /api/resources/source 200 9ms
2026-09-07 17:42:22,843 [monitor] GET /api/resources/source 200 8ms
2026-09-07 17:42:22,847 [monitor] GET /api/resources/source 200 32ms
2026-09-07 17:42:22,847 [monitor] GET /api/resources/source 200 38ms
2026-09-07 17:42:22,856 [monitor] GET /api/resources/source 200 17ms
2026-09-07 17:42:22,858 [monitor] GET /api/resources/source 200 7ms
2026-09-07 17:42:22,858 [monitor] GET /api/resources/source 200 21ms
2026-09-07 17:42:22,865 [monitor] GET /api/resources/source 200 27ms
2026-09-07 17:42:22,867 [monitor] GET /api/resources/source 200 13ms
2026-09-07 17:42:22,876 [monitor] GET /api/resources/source 200 15ms
2026-09-07 17:42:22,876 [monitor] GET /api/resources/source 200 25ms
2026-09-07 17:42:22,876 [monitor] GET /api/resources/source 200 12ms
2026-09-07 17:42:22,888 [monitor] GET /api/resources/source 200 5ms
2026-09-07 17:42:22,890 [monitor] GET /api/resources/source 200 4ms
2026-09-07 17:42:22,890 [monitor] GET /api/resources/source 200 8ms
2026-09-07 17:42:22,890 [monitor] GET /api/resources/source 200 23ms
2026-09-07 17:42:22,890 [monitor] GET /api/resources/source 200 24ms
2026-09-07 17:42:22,901 [monitor] GET /api/resources/source 200 9ms
2026-09-07 17:42:22,908 [monitor] GET /api/resources/source 200 9ms
2026-09-07 17:42:22,910 [monitor] GET /api/resources/source 200 15ms
2026-09-07 17:42:22,912 [monitor] GET /api/resources/source 200 7ms
2026-09-07 17:42:22,912 [monitor] GET /api/resources/source 200 8ms
2026-09-07 17:42:22,918 [monitor] GET /api/resources/source 200 4ms
2026-09-07 17:42:22,919 [monitor] GET /api/resources/source 200 3ms
2026-09-07 17:42:22,927 [monitor] GET /api/resources/source 200 56ms
2026-09-07 17:42:22,930 [monitor] GET /api/resources/source 200 23ms
2026-09-07 17:42:22,932 [monitor] GET /api/resources/source 200 11ms
2026-09-07 17:42:22,935 [monitor] GET /api/resources/source 200 11ms
2026-09-07 17:42:22,941 [monitor] GET /api/resources/source 200 18ms
2026-09-07 17:42:22,942 [monitor] GET /api/resources/source 200 2ms
2026-09-07 17:42:22,957 [monitor] GET /api/resources/source 200 24ms
2026-09-07 17:42:22,959 [monitor] GET /api/resources/source 200 20ms
2026-09-07 17:42:22,961 [monitor] GET /api/resources/source 200 26ms
2026-09-07 17:42:22,961 [monitor] GET /api/resources/source 200 24ms
2026-09-07 17:42:22,961 [monitor] GET /api/resources/source 200 9ms
2026-09-07 17:42:22,973 [monitor] GET /api/resources/source 200 5ms
2026-09-07 17:42:22,973 [monitor] GET /api/resources/source 200 8ms
2026-09-07 17:42:22,976 [monitor] GET /api/resources/source 200 8ms
2026-09-07 17:42:22,978 [monitor] GET /api/resources/source 200 12ms
2026-09-07 17:42:22,986 [monitor] GET /api/resources/source 200 5ms
2026-09-07 17:42:22,993 [monitor] GET /api/resources/source 200 14ms
2026-09-07 17:42:22,994 [monitor] GET /api/resources/source 200 25ms
2026-09-07 17:42:22,997 [monitor] GET /api/resources/source 200 6ms
2026-09-07 17:42:23,003 [monitor] GET /api/resources/source 200 82ms
2026-09-07 17:42:23,005 [monitor] GET /api/resources/source 200 5ms
2026-09-07 17:42:23,008 [monitor] GET /api/resources/source 200 5ms
2026-09-07 17:42:23,009 [monitor] GET /api/resources/source 200 29ms
2026-09-07 17:42:23,015 [monitor] GET /api/resources/source 200 8ms
2026-09-07 17:42:23,021 [monitor] GET /api/resources/source 200 11ms
2026-09-07 17:42:23,024 [monitor] GET /api/resources/source 200 11ms
2026-09-07 17:42:23,024 [monitor] GET /api/resources/source 200 49ms
2026-09-07 17:42:23,024 [monitor] GET /api/resources/source 200 14ms
2026-09-07 17:42:23,024 [monitor] GET /api/resources/source 200 12ms
2026-09-07 17:42:23,024 [monitor] GET /api/resources/source 200 8ms
2026-09-07 17:42:23,040 [monitor] GET /api/resources/source 200 6ms
2026-09-07 17:42:23,042 [monitor] GET /api/resources/source 200 43ms
2026-09-07 17:42:23,068 [monitor] GET /api/resources/source 200 12ms
2026-09-07 17:42:23,072 [monitor] GET /api/resources/source 200 11ms
2026-09-07 17:42:23,072 [monitor] GET /api/resources/source 200 10ms
2026-09-07 17:42:23,076 [monitor] GET /api/resources/source 200 11ms
2026-09-07 17:42:23,084 [monitor] GET /api/resources/source 200 6ms
2026-09-07 17:42:23,086 [monitor] GET /api/resources/source 200 5ms
2026-09-07 17:42:23,088 [monitor] GET /api/resources/source 200 23ms
2026-09-07 17:42:23,090 [monitor] GET /api/resources/source 200 12ms
2026-09-07 17:42:23,097 [monitor] GET /api/resources/source 200 7ms
2026-09-07 17:42:23,098 [monitor] GET /api/resources/source 200 7ms
2026-09-07 17:42:23,100 [monitor] GET /api/resources/source 200 7ms
2026-09-07 17:42:23,104 [monitor] GET /api/resources/source 200 40ms
2026-09-07 17:42:23,105 [monitor] GET /api/resources/source 200 30ms
2026-09-07 17:42:23,112 [monitor] GET /api/resources/source 200 17ms
2026-09-07 17:42:23,121 [monitor] GET /api/resources/source 200 12ms
2026-09-07 17:42:23,121 [monitor] GET /api/resources/source 200 14ms
2026-09-07 17:42:23,121 [monitor] GET /api/resources/source 200 19ms
2026-09-07 17:42:23,127 [monitor] GET /api/resources/source 200 24ms
2026-09-07 17:42:23,127 [monitor] GET /api/resources/source 200 11ms
2026-09-07 17:42:23,137 [monitor] GET /api/resources/source 200 7ms
2026-09-07 17:42:23,137 [monitor] GET /api/resources/source 200 7ms
2026-09-07 17:42:23,140 [monitor] GET /api/resources/source 200 10ms
2026-09-07 17:42:23,141 [monitor] GET /api/resources/source 200 39ms
2026-09-07 17:42:23,148 [monitor] GET /api/resources/source 200 5ms
2026-09-07 17:42:23,150 [monitor] GET /api/resources/source 200 4ms
2026-09-07 17:42:23,152 [monitor] GET /api/resources/source 200 9ms
2026-09-07 17:42:23,157 [monitor] GET /api/resources/source 200 3ms
2026-09-07 17:42:23,163 [monitor] GET /api/resources/source 200 2ms
2026-09-07 17:42:23,168 [monitor] GET /api/resources/source 200 36ms
2026-09-07 17:42:23,168 [monitor] GET /api/resources/source 200 36ms
2026-09-07 17:42:23,170 [monitor] GET /api/resources/source 200 5ms
2026-09-07 17:42:23,176 [monitor] GET /api/resources/source 200 4ms
2026-09-07 17:42:23,183 [monitor] GET /api/resources/source 200 27ms
2026-09-07 17:42:23,185 [monitor] GET /api/resources/source 200 12ms
2026-09-07 17:42:23,231 [monitor] GET /api/resources/source 200 46ms
2026-09-07 17:42:23,238 [monitor] GET /api/resources/source 200 51ms
2026-09-07 17:42:23,238 [monitor] GET /api/resources/source 200 4ms
2026-09-07 17:42:23,251 [monitor] GET /api/resources/source 200 5ms
2026-09-07 17:42:23,253 [monitor] GET /api/resources/source 200 4ms
2026-09-07 17:42:23,258 [monitor] GET /api/resources/source 200 3ms
2026-09-07 17:42:23,260 [monitor] GET /api/resources/source 200 3ms
2026-09-07 17:42:23,265 [monitor] GET /api/resources/source 200 3ms
2026-09-07 17:42:23,267 [monitor] GET /api/resources/source 200 3ms
2026-09-07 17:42:23,270 [monitor] GET /api/downloads 200 2ms
2026-09-07 17:42:23,275 [monitor] GET /api/resources/trash 200 2ms
2026-09-07 17:42:23,408 [monitor] GET /api/resources/source 200 261ms
2026-09-07 17:42:23,439 [monitor] GET /api/resources/source 200 263ms
2026-09-07 17:42:23,444 [monitor] GET /api/resources/source 200 290ms
2026-09-07 17:42:23,451 [monitor] GET /api/resources/source 200 270ms
2026-09-07 17:42:23,602 [monitor] GET /api/downloads 200 1ms
2026-09-07 17:42:23,631 [monitor] GET /api/downloads/events 200 2ms
2026-09-07 17:42:29,568 [monitor] POST /api/downloads/407e23a4ea61/retry 200 59ms
2026-09-07 17:42:29,600 [monitor] GET /api/downloads 200 25ms
2026-09-07 17:42:31,757 [monitor] GET /api/downloads/ead6500cac1b 200 1ms
2026-09-07 17:42:33,283 [monitor] GET /api/downloads/ead6500cac1b 200 1ms
2026-09-07 17:42:33,797 [monitor] GET /api/downloads/ead6500cac1b 200 1ms
2026-09-07 17:42:34,310 [monitor] GET /api/downloads/ead6500cac1b 200 1ms
2026-09-07 17:42:40,029 [monitor] GET /api/downloads/407e23a4ea61 200 2ms
2026-09-07 17:42:43,548 [monitor] POST /api/downloads/407e23a4ea61/retry-url 200 32ms
2026-09-07 17:42:43,900 [monitor] GET /api/downloads/407e23a4ea61 200 1ms
2026-09-07 17:42:44,926 [monitor] GET /api/downloads/407e23a4ea61 200 1ms
2026-09-07 17:42:45,418 [monitor] GET /api/downloads/407e23a4ea61 200 1ms
2026-09-07 17:42:45,929 [monitor] GET /api/downloads/407e23a4ea61 200 2ms
2026-09-07 17:42:46,952 [monitor] GET /api/downloads/407e23a4ea61 200 1ms
2026-09-07 17:42:47,448 [monitor] GET /api/downloads/407e23a4ea61 200 1ms
2026-09-07 17:42:57,622 [monitor] GET /api/downloads/9170f6652d64 200 2ms
2026-09-07 17:43:07,628 [monitor] GET /api/downloads/407e23a4ea61 200 2ms
2026-09-07 17:43:13,560 [monitor] GET /api/downloads/9170f6652d64 200 1ms
2026-09-07 17:45:15,230 [monitor] GET /api/downloads 200 1ms
2026-09-07 17:45:26,980 [monitor] GET /api/downloads 200 1ms
2026-09-07 17:45:41,604 [monitor] GET /api/downloads 200 1ms
2026-09-07 17:45:49,070 [monitor] GET /api/downloads/9170f6652d64 200 2ms
2026-09-07 17:46:12,014 [monitor] GET /api/downloads 200 2ms
2026-09-07 17:46:12,023 [monitor] GET /api/downloads/9170f6652d64 200 1ms
2026-09-07 17:46:26,865 [monitor] GET /api/downloads 200 2ms
2026-09-07 17:46:26,874 [monitor] GET /api/downloads/9170f6652d64 200 1ms
2026-09-07 17:46:37,415 [monitor] GET /api/downloads/ac586c3b4239 200 2ms
2026-09-07 17:46:43,031 [monitor] GET /api/downloads/407e23a4ea61 200 3ms
2026-09-07 17:46:54,893 [monitor] GET /api/config 200 1ms
2026-09-07 17:46:54,944 [monitor] GET /api/downloads 200 2ms
2026-09-07 17:46:54,965 [monitor] GET /api/downloads/events 200 2ms
2026-09-07 17:46:59,085 [monitor] GET /api/downloads/2b4ee1801b5f 200 2ms
2026-09-07 17:57:53,594 [monitor] GET /api/downloads 200 1ms
