
===== 会话开始 2026-08-21 19:56:03 =====
[2026-08-21 19:56:03] [download_files] 正在请求: http://127.0.0.1:1024/htm_data/2608/16/7391777.html
[2026-08-21 19:56:23] [download_files] [重试] 请求异常: HTTPConnectionPool(host='127.0.0.1', port=1024): Read timed out. (read timeout=20)（第 1/3 次），2.0 秒后重试...
[2026-08-21 19:56:26] [download_files] 标题: ［原创］补发一个和骚妻一起床做的七夕礼物，屄屄还是那么嫩，想舔的请举手，不许插入哦［19P］
[2026-08-21 19:56:26] [download_files] 保存目录: downloads\［原创］补发一个和骚妻一起床做的七夕礼物，屄屄还是那么嫩，想舔的请举手，不许插入哦［19P］

[2026-08-21 19:56:26] [download_files] 共提取到 28 张图片，开始下载...

[2026-08-21 19:56:35] [download_files] [完成] 001.jpg（269768 字节,https://23img.com/i/2026/08/20/x6c4d6.jpg）
[2026-08-21 19:56:42] [download_files] [完成] 002.jpg（196973 字节,https://23img.com/i/2026/08/20/x6clkm.jpg）
[2026-08-21 19:56:58] [download_files] [完成] 003.jpg（266616 字节,https://23img.com/i/2026/08/20/x6cq1d.jpg）
[2026-08-21 19:57:09] [download_files] [完成] 004.jpg（205130 字节,https://23img.com/i/2026/08/20/x6d01b.jpg）
[2026-08-21 19:57:27] [download_files] [完成] 005.jpg（276326 字节,https://23img.com/i/2026/08/20/x6d58l.jpg）
[2026-08-21 19:57:41] [download_files] [完成] 006.jpg（258890 字节,https://23img.com/i/2026/08/20/x6dl77.jpg）

[2026-08-21 19:57:56] [download_files] [中断] 用户手动终止 (Ctrl+C)

[汇总] 图片成功 6/28 - downloads\［原创］补发一个和骚妻一起床做的七夕礼物，屄屄还是那么嫩，想舔的请举手，不许插入哦［19P］
	gifs: 0 张
	jpgs: 6 张

[2026-08-21 19:57:56] [download_files] [提示] 页面中未提取到任何视频

[2026-08-21 19:57:56] [download_files] [提示] 页面中未提取到其他类型资源

[2026-08-21 19:57:56] [download_files] [提示] 页面中未提取到磁力链接

[2026-08-21 19:57:56] [download_files] [提示] 页面中未提取到云盘链接

============================================================
执行汇总（共 1 个输入）
============================================================
[1] [成功] http://127.0.0.1:1024/htm_data/2608/16/7391777.html，图片 6张, 视频 0个, 其他 0个
------------------------------------------------------------
总计: 成功 6 项

===== 会话开始 2026-08-21 19:58:11 =====
[2026-08-21 19:58:11] [download_files] 正在请求: http://127.0.0.1:1024/htm_data/2605/16/7265240.html
[2026-08-21 19:58:12] [download_files] 标题: 这奶子能玩一年[12P]
[2026-08-21 19:58:12] [download_files] 保存目录: downloads\这奶子能玩一年[12P]

[2026-08-21 19:58:12] [download_files] 共提取到 20 张图片，开始下载...

[2026-08-21 19:58:13] [download_files] [完成] 001.webp（11988 字节,https://cdn.skyimg.net/up/2026/5/11/3103860c.webp）
[2026-08-21 19:58:13] [download_files] [失败] 002.jpg（404）,https://a.l3n.co/ccKz2v.jpg
[2026-08-21 19:58:14] [download_files] [失败] 003.jpg（404）,https://b.l3n.co/ccKSJC.jpg
[2026-08-21 19:58:15] [download_files] [失败] 004.jpg（404）,https://a.l3n.co/ccKeS5.jpg

[2026-08-21 19:58:17] [download_files] [中断] 用户手动终止 (Ctrl+C)

[汇总] 图片成功 1/20 - downloads\这奶子能玩一年[12P]
	gifs: 0 张
	jpgs: 1 张

[2026-08-21 19:58:17] [download_files] [提示] 页面中未提取到任何视频

[2026-08-21 19:58:17] [download_files] [提示] 页面中未提取到其他类型资源

[2026-08-21 19:58:17] [download_files] [提示] 页面中未提取到磁力链接

[2026-08-21 19:58:17] [download_files] [提示] 页面中未提取到云盘链接

============================================================
执行汇总（共 1 个输入）
============================================================
[1] [成功] http://127.0.0.1:1024/htm_data/2605/16/7265240.html，图片 1张, 视频 0个, 其他 0个，失败 3 项
------------------------------------------------------------
总计: 成功 1 项, 失败 3 项
